// Jest Snapshot v1, https://goo.gl/fbAQLP

exports[`Tab-link component render correct 1`] = `
<li
  className="locations__item"
>
  <a
    className="locations__item-link tabs__item "
    href="#"
    onClick={[Function]}
  >
    <span>
      Paris
    </span>
  </a>
</li>
`;
