// Jest Snapshot v1, https://goo.gl/fbAQLP

exports[`CityMap snapshot 1`] = `
<div
  id="map"
  style={
    Object {
      "height": "100%",
    }
  }
>
  <div />
</div>
`;
