// Jest Snapshot v1, https://goo.gl/fbAQLP

exports[`WithSignForm wrapper work correct should render correctly 1`] = `
<WithInputsChange
  sendAuthData={[MockFunction]}
>
  <SignForm
    onInputChange={[Function]}
    sendAuthData={[MockFunction]}
  >
    <form
      action="#"
      className="login__form form"
      method="post"
      onSubmit={[Function]}
    >
      <div
        className="login__input-wrapper form__input-wrapper"
      >
        <label
          className="visually-hidden"
        >
          E-mail
        </label>
        <input
          className="login__input form__input"
          name="email"
          onChange={[Function]}
          placeholder="Email"
          required={true}
          type="email"
          value=""
        />
      </div>
      <div
        className="login__input-wrapper form__input-wrapper"
      >
        <label
          className="visually-hidden"
        >
          Password
        </label>
        <input
          className="login__input form__input"
          name="password"
          onChange={[Function]}
          placeholder="Password"
          required={true}
          type="password"
          value=""
        />
      </div>
      <button
        className="login__submit form__submit button"
        type="submit"
      >
        Sign in
      </button>
    </form>
  </SignForm>
</WithInputsChange>
`;
