// Jest Snapshot v1, https://goo.gl/fbAQLP

exports[`ScrollToTop snapshot 1`] = `
<Route>
  [Function]
</Route>
`;
