// Jest Snapshot v1, https://goo.gl/fbAQLP

exports[`PageLayout component render correct 1`] = `
<div
  className="page page--gray page--main"
>
  <div
    className="children-component"
  />
</div>
`;
