// Jest Snapshot v1, https://goo.gl/fbAQLP

exports[`Spinner snapshot 1`] = `
<div
  className="lds-spinner"
>
  <div />
  <div />
  <div />
  <div />
  <div />
  <div />
  <div />
  <div />
  <div />
  <div />
  <div />
  <div />
</div>
`;
