// Jest Snapshot v1, https://goo.gl/fbAQLP

exports[`Goods component render correct 1`] = `
<ul
  className="property__inside-list"
>
  <li
    className="property__inside-item"
  >
    Wi-Fi
  </li>
  <li
    className="property__inside-item"
  >
    Washing machine
  </li>
  <li
    className="property__inside-item"
  >
    Towels
  </li>
  <li
    className="property__inside-item"
  >
    Heating
  </li>
  <li
    className="property__inside-item"
  >
    Kitchen
  </li>
</ul>
`;
