// Jest Snapshot v1, https://goo.gl/fbAQLP

exports[`Gallery component render correct 1`] = `
<div
  className="property__gallery-container container"
>
  <div
    className="property__gallery"
  >
    <div
      className="property__image-wrapper"
    >
      <img
        alt="Photo studio"
        className="property__image"
        src="img/apartment-01.jpg"
      />
    </div>
    <div
      className="property__image-wrapper"
    >
      <img
        alt="Photo studio"
        className="property__image"
        src="img/apartment-02.jpg"
      />
    </div>
    <div
      className="property__image-wrapper"
    >
      <img
        alt="Photo studio"
        className="property__image"
        src="img/apartment-03.jpg"
      />
    </div>
  </div>
</div>
`;
