// Jest Snapshot v1, https://goo.gl/fbAQLP

exports[`withForm snapshot 1`] = `<div />`;
