// Jest Snapshot v1, https://goo.gl/fbAQLP

exports[`withPlacesSort snapshot 1`] = `<div />`;
