// Jest Snapshot v1, https://goo.gl/fbAQLP

exports[`PlacesList component render correct 1`] = `
<div
  className="cities__places-list places__list tabs__content"
/>
`;
